Archive member included to satisfy reference by file (symbol)

C:/ST/STM32CubeIDE_1.18.0/STM32CubeIDE/plugins/com.st.stm32cube.ide.mcu.externaltools.gnu-tools-for-stm32.13.3.rel1.win32_1.0.0.202411081344/tools/bin/../lib/gcc/arm-none-eabi/13.3.1/../../../../arm-none-eabi/lib/thumb/v6-m/nofp\libc_nano.a(libc_a-exit.o)
                              C:/ST/STM32CubeIDE_1.18.0/STM32CubeIDE/plugins/com.st.stm32cube.ide.mcu.externaltools.gnu-tools-for-stm32.13.3.rel1.win32_1.0.0.202411081344/tools/bin/../lib/gcc/arm-none-eabi/13.3.1/../../../../arm-none-eabi/lib/thumb/v6-m/nofp/crt0.o (exit)
C:/ST/STM32CubeIDE_1.18.0/STM32CubeIDE/plugins/com.st.stm32cube.ide.mcu.externaltools.gnu-tools-for-stm32.13.3.rel1.win32_1.0.0.202411081344/tools/bin/../lib/gcc/arm-none-eabi/13.3.1/../../../../arm-none-eabi/lib/thumb/v6-m/nofp\libc_nano.a(libc_a-findfp.o)
                              C:/ST/STM32CubeIDE_1.18.0/STM32CubeIDE/plugins/com.st.stm32cube.ide.mcu.externaltools.gnu-tools-for-stm32.13.3.rel1.win32_1.0.0.202411081344/tools/bin/../lib/gcc/arm-none-eabi/13.3.1/../../../../arm-none-eabi/lib/thumb/v6-m/nofp\libc_nano.a(libc_a-exit.o) (__stdio_exit_handler)
C:/ST/STM32CubeIDE_1.18.0/STM32CubeIDE/plugins/com.st.stm32cube.ide.mcu.externaltools.gnu-tools-for-stm32.13.3.rel1.win32_1.0.0.202411081344/tools/bin/../lib/gcc/arm-none-eabi/13.3.1/../../../../arm-none-eabi/lib/thumb/v6-m/nofp\libc_nano.a(libc_a-fwalk.o)
                              C:/ST/STM32CubeIDE_1.18.0/STM32CubeIDE/plugins/com.st.stm32cube.ide.mcu.externaltools.gnu-tools-for-stm32.13.3.rel1.win32_1.0.0.202411081344/tools/bin/../lib/gcc/arm-none-eabi/13.3.1/../../../../arm-none-eabi/lib/thumb/v6-m/nofp\libc_nano.a(libc_a-findfp.o) (_fwalk_sglue)
C:/ST/STM32CubeIDE_1.18.0/STM32CubeIDE/plugins/com.st.stm32cube.ide.mcu.externaltools.gnu-tools-for-stm32.13.3.rel1.win32_1.0.0.202411081344/tools/bin/../lib/gcc/arm-none-eabi/13.3.1/../../../../arm-none-eabi/lib/thumb/v6-m/nofp\libc_nano.a(libc_a-stdio.o)
                              C:/ST/STM32CubeIDE_1.18.0/STM32CubeIDE/plugins/com.st.stm32cube.ide.mcu.externaltools.gnu-tools-for-stm32.13.3.rel1.win32_1.0.0.202411081344/tools/bin/../lib/gcc/arm-none-eabi/13.3.1/../../../../arm-none-eabi/lib/thumb/v6-m/nofp\libc_nano.a(libc_a-findfp.o) (__sread)
C:/ST/STM32CubeIDE_1.18.0/STM32CubeIDE/plugins/com.st.stm32cube.ide.mcu.externaltools.gnu-tools-for-stm32.13.3.rel1.win32_1.0.0.202411081344/tools/bin/../lib/gcc/arm-none-eabi/13.3.1/../../../../arm-none-eabi/lib/thumb/v6-m/nofp\libc_nano.a(libc_a-memset.o)
                              C:/ST/STM32CubeIDE_1.18.0/STM32CubeIDE/plugins/com.st.stm32cube.ide.mcu.externaltools.gnu-tools-for-stm32.13.3.rel1.win32_1.0.0.202411081344/tools/bin/../lib/gcc/arm-none-eabi/13.3.1/../../../../arm-none-eabi/lib/thumb/v6-m/nofp/crt0.o (memset)
C:/ST/STM32CubeIDE_1.18.0/STM32CubeIDE/plugins/com.st.stm32cube.ide.mcu.externaltools.gnu-tools-for-stm32.13.3.rel1.win32_1.0.0.202411081344/tools/bin/../lib/gcc/arm-none-eabi/13.3.1/../../../../arm-none-eabi/lib/thumb/v6-m/nofp\libc_nano.a(libc_a-closer.o)
                              C:/ST/STM32CubeIDE_1.18.0/STM32CubeIDE/plugins/com.st.stm32cube.ide.mcu.externaltools.gnu-tools-for-stm32.13.3.rel1.win32_1.0.0.202411081344/tools/bin/../lib/gcc/arm-none-eabi/13.3.1/../../../../arm-none-eabi/lib/thumb/v6-m/nofp\libc_nano.a(libc_a-stdio.o) (_close_r)
C:/ST/STM32CubeIDE_1.18.0/STM32CubeIDE/plugins/com.st.stm32cube.ide.mcu.externaltools.gnu-tools-for-stm32.13.3.rel1.win32_1.0.0.202411081344/tools/bin/../lib/gcc/arm-none-eabi/13.3.1/../../../../arm-none-eabi/lib/thumb/v6-m/nofp\libc_nano.a(libc_a-reent.o)
                              C:/ST/STM32CubeIDE_1.18.0/STM32CubeIDE/plugins/com.st.stm32cube.ide.mcu.externaltools.gnu-tools-for-stm32.13.3.rel1.win32_1.0.0.202411081344/tools/bin/../lib/gcc/arm-none-eabi/13.3.1/../../../../arm-none-eabi/lib/thumb/v6-m/nofp\libc_nano.a(libc_a-closer.o) (errno)
C:/ST/STM32CubeIDE_1.18.0/STM32CubeIDE/plugins/com.st.stm32cube.ide.mcu.externaltools.gnu-tools-for-stm32.13.3.rel1.win32_1.0.0.202411081344/tools/bin/../lib/gcc/arm-none-eabi/13.3.1/../../../../arm-none-eabi/lib/thumb/v6-m/nofp\libc_nano.a(libc_a-impure.o)
                              C:/ST/STM32CubeIDE_1.18.0/STM32CubeIDE/plugins/com.st.stm32cube.ide.mcu.externaltools.gnu-tools-for-stm32.13.3.rel1.win32_1.0.0.202411081344/tools/bin/../lib/gcc/arm-none-eabi/13.3.1/../../../../arm-none-eabi/lib/thumb/v6-m/nofp\libc_nano.a(libc_a-reent.o) (_impure_ptr)
C:/ST/STM32CubeIDE_1.18.0/STM32CubeIDE/plugins/com.st.stm32cube.ide.mcu.externaltools.gnu-tools-for-stm32.13.3.rel1.win32_1.0.0.202411081344/tools/bin/../lib/gcc/arm-none-eabi/13.3.1/../../../../arm-none-eabi/lib/thumb/v6-m/nofp\libc_nano.a(libc_a-lseekr.o)
[...]
Memory Configuration

Name             Origin             Length             Attributes
RAM              0x20000000         0x00005000         xrw
FLASH            0x08000000         0x00030000         xr
*default*        0x00000000         0xffffffff

Linker script and memory map

LOAD C:/ST/STM32CubeIDE_1.18.0/STM32CubeIDE/plugins/com.st.stm32cube.ide.mcu.externaltools.gnu-tools-for-stm32.13.3.rel1.win32_1.0.0.202411081344/tools/bin/../lib/gcc/arm-none-eabi/13.3.1/thumb/v6-m/nofp/crti.o
LOAD C:/ST/STM32CubeIDE_1.18.0/STM32CubeIDE/plugins/com.st.stm32cube.ide.mcu.externaltools.gnu-tools-for-stm32.13.3.rel1.win32_1.0.0.202411081344/tools/bin/../lib/gcc/arm-none-eabi/13.3.1/thumb/v6-m/nofp/crtbegin.o
LOAD C:/ST/STM32CubeIDE_1.18.0/STM32CubeIDE/plugins/com.st.stm32cube.ide.mcu.externaltools.gnu-tools-for-stm32.13.3.rel1.win32_1.0.0.202411081344/tools/bin/../lib/gcc/arm-none-eabi/13.3.1/../../../../arm-none-eabi/lib/thumb/v6-m/nofp/crt0.o
LOAD ./Core/Src/keypad.o
LOAD ./Core/Src/lcd.o
LOAD ./Core/Src/main.o
LOAD ./Core/Src/stm32l0xx_hal_msp.o
LOAD ./Core/Src/stm32l0xx_it.o
LOAD ./Core/Src/syscalls.o
LOAD ./Core/Src/sysmem.o
LOAD ./Core/Src/system_stm32l0xx.o
LOAD ./Core/Startup/startup_stm32l073rztx.o
LOAD ./Drivers/STM32L0xx_HAL_Driver/Src/stm32l0xx_hal.o
LOAD ./Drivers/STM32L0xx_HAL_Driver/Src/stm32l0xx_hal_cortex.o
LOAD ./Drivers/STM32L0xx_HAL_Driver/Src/stm32l0xx_hal_dma.o
LOAD ./Drivers/STM32L0xx_HAL_Driver/Src/stm32l0xx_hal_exti.o
LOAD ./Drivers/STM32L0xx_HAL_Driver/Src/stm32l0xx_hal_flash.o
LOAD ./Drivers/STM32L0xx_HAL_Driver/Src/stm32l0xx_hal_flash_ex.o
LOAD ./Drivers/STM32L0xx_HAL_Driver/Src/stm32l0xx_hal_flash_ramfunc.o
LOAD ./Drivers/STM32L0xx_HAL_Driver/Src/stm32l0xx_hal_gpio.o
LOAD ./Drivers/STM32L0xx_HAL_Driver/Src/stm32l0xx_hal_i2c.o
LOAD ./Drivers/STM32L0xx_HAL_Driver/Src/stm32l0xx_hal_i2c_ex.o
LOAD ./Drivers/STM32L0xx_HAL_Driver/Src/stm32l0xx_hal_pwr.o
LOAD ./Drivers/STM32L0xx_HAL_Driver/Src/stm32l0xx_hal_pwr_ex.o
LOAD ./Drivers/STM32L0xx_HAL_Driver/Src/stm32l0xx_hal_rcc.o
LOAD ./Drivers/STM32L0xx_HAL_Driver/Src/stm32l0xx_hal_rcc_ex.o
START GROUP
LOAD C:/ST/STM32CubeIDE_1.18.0/STM32CubeIDE/plugins/com.st.stm32cube.ide.mcu.externaltools.gnu-tools-for-stm32.13.3.rel1.win32_1.0.0.202411081344/tools/bin/../lib/gcc/arm-none-eabi/13.3.1/../../../../arm-none-eabi/lib/thumb/v6-m/nofp\libc_nano.a
LOAD C:/ST/STM32CubeIDE_1.18.0/STM32CubeIDE/plugins/com.st.stm32cube.ide.mcu.externaltools.gnu-tools-for-stm32.13.3.rel1.win32_1.0.0.202411081344/tools/bin/../lib/gcc/arm-none-eabi/13.3.1/../../../../arm-none-eabi/lib/thumb/v6-m/nofp\libm.a
END GROUP
START GROUP
LOAD C:/ST/STM32CubeIDE_1.18.0/STM32CubeIDE/plugins/com.st.stm32cube.ide.mcu.externaltools.gnu-tools-for-stm32.13.3.rel1.win32_1.0.0.202411081344/tools/bin/../lib/gcc/arm-none-eabi/13.3.1/thumb/v6-m/nofp\libgcc.a
LOAD C:/ST/STM32CubeIDE_1.18.0/STM32CubeIDE/plugins/com.st.stm32cube.ide.mcu.externaltools.gnu-tools-for-stm32.13.3.rel1.win32_1.0.0.202411081344/tools/bin/../lib/gcc/arm-none-eabi/13.3.1/../../../../arm-none-eabi/lib/thumb/v6-m/nofp\libc_nano.a
END GROUP
START GROUP
LOAD C:/ST/STM32CubeIDE_1.18.0/STM32CubeIDE/plugins/com.st.stm32cube.ide.mcu.externaltools.gnu-tools-for-stm32.13.3.rel1.win32_1.0.0.202411081344/tools/bin/../lib/gcc/arm-none-eabi/13.3.1/thumb/v6-m/nofp\libgcc.a
LOAD C:/ST/STM32CubeIDE_1.18.0/STM32CubeIDE/plugins/com.st.stm32cube.ide.mcu.externaltools.gnu-tools-for-stm32.13.3.rel1.win32_1.0.0.202411081344/tools/bin/../lib/gcc/arm-none-eabi/13.3.1/../../../../arm-none-eabi/lib/thumb/v6-m/nofp\libc_nano.a
LOAD C:/ST/STM32CubeIDE_1.18.0/STM32CubeIDE/plugins/com.st.stm32cube.ide.mcu.externaltools.gnu-tools-for-stm32.13.3.rel1.win32_1.0.0.202411081344/tools/bin/../lib/gcc/arm-none-eabi/13.3.1/../../../../arm-none-eabi/lib/thumb/v6-m/nofp\libnosys.a
END GROUP
START GROUP
LOAD C:/ST/STM32CubeIDE_1.18.0/STM32CubeIDE/plugins/com.st.stm32cube.ide.mcu.externaltools.gnu-tools-for-stm32.13.3.rel1.win32_1.0.0.202411081344/tools/bin/../lib/gcc/arm-none-eabi/13.3.1/thumb/v6-m/nofp\libgcc.a
LOAD C:/ST/STM32CubeIDE_1.18.0/STM32CubeIDE/plugins/com.st.stm32cube.ide.mcu.externaltools.gnu-tools-for-stm32.13.3.rel1.win32_1.0.0.202411081344/tools/bin/../lib/gcc/arm-none-eabi/13.3.1/../../../../arm-none-eabi/lib/thumb/v6-m/nofp\libc_nano.a
LOAD C:/ST/STM32CubeIDE_1.18.0/STM32CubeIDE/plugins/com.st.stm32cube.ide.mcu.externaltools.gnu-tools-for-stm32.13.3.rel1.win32_1.0.0.202411081344/tools/bin/../lib/gcc/arm-none-eabi/13.3.1/../../../../arm-none-eabi/lib/thumb/v6-m/nofp\libnosys.a
END GROUP
LOAD C:/ST/STM32CubeIDE_1.18.0/STM32CubeIDE/plugins/com.st.stm32cube.ide.mcu.externaltools.gnu-tools-for-stm32.13.3.rel1.win32_1.0.0.202411081344/tools/bin/../lib/gcc/arm-none-eabi/13.3.1/thumb/v6-m/nofp/crtend.o
LOAD C:/ST/STM32CubeIDE_1.18.0/STM32CubeIDE/plugins/com.st.stm32cube.ide.mcu.externaltools.gnu-tools-for-stm32.13.3.rel1.win32_1.0.0.202411081344/tools/bin/../lib/gcc/arm-none-eabi/13.3.1/thumb/v6-m/nofp/crtn.o
                0x20005000                        _estack = (ORIGIN (RAM) + LENGTH (RAM))
                0x00000200                        _Min_Heap_Size = 0x200
                0x00000400                        _Min_Stack_Size = 0x400

.isr_vector     0x08000000       0xc0
                0x08000000                        . = ALIGN (0x4)
 *(.isr_vector)
 .isr_vector    0x08000000       0xc0 ./Core/Startup/startup_stm32l073rztx.o
                0x08000000                g_pfnVectors
                0x080000c0                        . = ALIGN (0x4)

.text           0x080000c0     0x1a18
                0x080000c0                        . = ALIGN (0x4)
 *(.text)
 .text          0x080000c0       0x48 C:/ST/STM32CubeIDE_1.18.0/STM32CubeIDE/plugins/com.st.stm32cube.ide.mcu.externaltools.gnu-tools-for-stm32.13.3.rel1.win32_1.0.0.202411081344/tools/bin/../lib/gcc/arm-none-eabi/13.3.1/thumb/v6-m/nofp/crtbegin.o
 .text          0x08000108       0x14 C:/ST/STM32CubeIDE_1.18.0/STM32CubeIDE/plugins/com.st.stm32cube.ide.mcu.externaltools.gnu-tools-for-stm32.13.3.rel1.win32_1.0.0.202411081344/tools/bin/../lib/gcc/arm-none-eabi/13.3.1/../../../../arm-none-eabi/lib/thumb/v6-m/nofp\libc_nano.a(libc_a-strcmp.o)
                0x08000108                strcmp
 .text          0x0800011c      0x114 C:/ST/STM32CubeIDE_1.18.0/STM32CubeIDE/plugins/com.st.stm32cube.ide.mcu.externaltools.gnu-tools-for-stm32.13.3.rel1.win32_1.0.0.202411081344/tools/bin/../lib/gcc/arm-none-eabi/13.3.1/thumb/v6-m/nofp\libgcc.a(_udivsi3.o)
                0x0800011c                __aeabi_uidiv
                0x0800011c                __udivsi3
                0x08000228                __aeabi_uidivmod
 .text          0x08000230        0x4 C:/ST/STM32CubeIDE_1.18.0/STM32CubeIDE/plugins/com.st.stm32cube.ide.mcu.externaltools.gnu-tools-for-stm32.13.3.rel1.win32_1.0.0.202411081344/tools/bin/../lib/gcc/arm-none-eabi/13.3.1/thumb/v6-m/nofp\libgcc.a(_dvmd_tls.o)
                0x08000230                __aeabi_idiv0
                0x08000230                __aeabi_ldiv0
 *(.text*)
 .text.keypad_get_key
                0x08000234       0xbc ./Core/Src/keypad.o
                0x08000234                keypad_get_key
 .text.lcd_send_nibble
                0x080002f0       0xa0 ./Core/Src/lcd.o
 .text.lcd_send_cmd
                0x08000390       0x46 ./Core/Src/lcd.o
                0x08000390                lcd_send_cmd
 .text.lcd_send_data
                0x080003d6       0x46 ./Core/Src/lcd.o
                0x080003d6                lcd_send_data
 .text.lcd_puts
                0x0800041c       0x2a ./Core/Src/lcd.o
                0x0800041c                lcd_puts
 .text.lcd_clear
                0x08000446       0x16 ./Core/Src/lcd.o
                0x08000446                lcd_clear
 .text.lcd_init
                0x0800045c       0x34 ./Core/Src/lcd.o
                0x0800045c                lcd_init
 .text.main     0x08000490      0x200 ./Core/Src/main.o
                0x08000490                main
 .text.SystemClock_Config
                0x08000690       0xa8 ./Core/Src/main.o
                0x08000690                SystemClock_Config
 .text.MX_GPIO_Init
                0x08000738      0x128 ./Core/Src/main.o
 .text.Error_Handler
                0x08000860        0xc ./Core/Src/main.o
                0x08000860                Error_Handler
 .text.HAL_MspInit
                0x0800086c       0x28 ./Core/Src/stm32l0xx_hal_msp.o
                0x0800086c                HAL_MspInit
 .text.NMI_Handler
                0x08000894        0x8 ./Core/Src/stm32l0xx_it.o
                0x08000894                NMI_Handler
 .text.HardFault_Handler
                0x0800089c        0x8 ./Core/Src/stm32l0xx_it.o
                0x0800089c                HardFault_Handler
 .text.SVC_Handler
                0x080008a4        0xa ./Core/Src/stm32l0xx_it.o
                0x080008a4                SVC_Handler
 .text.PendSV_Handler
                0x080008ae        0xa ./Core/Src/stm32l0xx_it.o
                0x080008ae                PendSV_Handler
 .text.SysTick_Handler
                0x080008b8        0xe ./Core/Src/stm32l0xx_it.o
                0x080008b8                SysTick_Handler
 .text.SystemInit
                0x080008c6        0xa ./Core/Src/system_stm32l0xx.o
                0x080008c6                SystemInit
 .text.Reset_Handler
                0x080008d0       0x50 ./Core/Startup/startup_stm32l073rztx.o
                0x080008d0                Reset_Handler
 .text.Default_Handler
                0x08000920        0x2 ./Core/Startup/startup_stm32l073rztx.o
                0x08000920                TSC_IRQHandler
                0x08000920                ADC1_COMP_IRQHandler
                0x08000920                PVD_IRQHandler
                0x08000920                I2C1_IRQHandler
                0x08000920                RCC_CRS_IRQHandler
                0x08000920                SPI1_IRQHandler
                0x08000920                TIM6_DAC_IRQHandler
                0x08000920                EXTI2_3_IRQHandler
                0x08000920                I2C2_IRQHandler
                0x08000920                RTC_IRQHandler
                0x08000920                LCD_IRQHandler
                0x08000920                DMA1_Channel4_5_6_7_IRQHandler
                0x08000920                TIM3_IRQHandler
                0x08000920                EXTI4_15_IRQHandler
                0x08000920                DMA1_Channel1_IRQHandler
                0x08000920                USART4_5_IRQHandler
                0x08000920                Default_Handler
                0x08000920                TIM22_IRQHandler
                0x08000920                TIM7_IRQHandler
                0x08000920                EXTI0_1_IRQHandler
                0x08000920                USB_IRQHandler
                0x08000920                I2C3_IRQHandler
                0x08000920                SPI2_IRQHandler
                0x08000920                TIM21_IRQHandler
                0x08000920                WWDG_IRQHandler
                0x08000920                TIM2_IRQHandler
                0x08000920                DMA1_Channel2_3_IRQHandler
                0x08000920                USART2_IRQHandler
                0x08000920                FLASH_IRQHandler
                0x08000920                USART1_IRQHandler
                0x08000920                RNG_LPUART1_IRQHandler
                0x08000920                LPTIM1_IRQHandler
 *fill*         0x08000922        0x2 
 .text.HAL_Init
                0x08000924       0x40 ./Drivers/STM32L0xx_HAL_Driver/Src/stm32l0xx_hal.o
                0x08000924                HAL_Init
 .text.HAL_InitTick
                0x08000964       0x68 ./Drivers/STM32L0xx_HAL_Driver/Src/stm32l0xx_hal.o
                0x08000964                HAL_InitTick
 .text.HAL_IncTick
                0x080009cc       0x24 ./Drivers/STM32L0xx_HAL_Driver/Src/stm32l0xx_hal.o
                0x080009cc                HAL_IncTick
 .text.HAL_GetTick
                0x080009f0       0x14 ./Drivers/STM32L0xx_HAL_Driver/Src/stm32l0xx_hal.o
                0x080009f0                HAL_GetTick
 .text.HAL_Delay
                0x08000a04       0x48 ./Drivers/STM32L0xx_HAL_Driver/Src/stm32l0xx_hal.o
                0x08000a04                HAL_Delay
 .text.__NVIC_SetPriority
                0x08000a4c       0xdc ./Drivers/STM32L0xx_HAL_Driver/Src/stm32l0xx_hal_cortex.o
 .text.SysTick_Config
                0x08000b28       0x48 ./Drivers/STM32L0xx_HAL_Driver/Src/stm32l0xx_hal_cortex.o
 .text.HAL_NVIC_SetPriority
                0x08000b70       0x2a ./Drivers/STM32L0xx_HAL_Driver/Src/stm32l0xx_hal_cortex.o
                0x08000b70                HAL_NVIC_SetPriority
 .text.HAL_SYSTICK_Config
                0x08000b9a       0x1a ./Drivers/STM32L0xx_HAL_Driver/Src/stm32l0xx_hal_cortex.o
                0x08000b9a                HAL_SYSTICK_Config
 .text.HAL_GPIO_Init
                0x08000bb4      0x2fc ./Drivers/STM32L0xx_HAL_Driver/Src/stm32l0xx_hal_gpio.o
                0x08000bb4                HAL_GPIO_Init
 .text.HAL_GPIO_ReadPin
                0x08000eb0       0x3a ./Drivers/STM32L0xx_HAL_Driver/Src/stm32l0xx_hal_gpio.o
                0x08000eb0                HAL_GPIO_ReadPin
 .text.HAL_GPIO_WritePin
                0x08000eea       0x3a ./Drivers/STM32L0xx_HAL_Driver/Src/stm32l0xx_hal_gpio.o
                0x08000eea                HAL_GPIO_WritePin
 .text.HAL_RCC_OscConfig
                0x08000f24      0x7a8 ./Drivers/STM32L0xx_HAL_Driver/Src/stm32l0xx_hal_rcc.o
                0x08000f24                HAL_RCC_OscConfig
 .text.HAL_RCC_ClockConfig
                0x080016cc      0x290 ./Drivers/STM32L0xx_HAL_Driver/Src/stm32l0xx_hal_rcc.o
                0x080016cc                HAL_RCC_ClockConfig
 .text.HAL_RCC_GetSysClockFreq
                0x0800195c      0x10c ./Drivers/STM32L0xx_HAL_Driver/Src/stm32l0xx_hal_rcc.o
                0x0800195c                HAL_RCC_GetSysClockFreq
 .text.memset   0x08001a68       0x10 C:/ST/STM32CubeIDE_1.18.0/STM32CubeIDE/plugins/com.st.stm32cube.ide.mcu.externaltools.gnu-tools-for-stm32.13.3.rel1.win32_1.0.0.202411081344/tools/bin/../lib/gcc/arm-none-eabi/13.3.1/../../../../arm-none-eabi/lib/thumb/v6-m/nofp\libc_nano.a(libc_a-memset.o)
                0x08001a68                memset
 .text.__libc_init_array
                0x08001a78       0x48 C:/ST/STM32CubeIDE_1.18.0/STM32CubeIDE/plugins/com.st.stm32cube.ide.mcu.externaltools.gnu-tools-for-stm32.13.3.rel1.win32_1.0.0.202411081344/tools/bin/../lib/gcc/arm-none-eabi/13.3.1/../../../../arm-none-eabi/lib/thumb/v6-m/nofp\libc_nano.a(libc_a-init.o)
                0x08001a78                __libc_init_array
 *(.glue_7)
 .glue_7        0x08001ac0        0x0 linker stubs
 *(.glue_7t)
 .glue_7t       0x08001ac0        0x0 linker stubs
 *(.eh_frame)
 .eh_frame      0x08001ac0        0x0 C:/ST/STM32CubeIDE_1.18.0/STM32CubeIDE/plugins/com.st.stm32cube.ide.mcu.externaltools.gnu-tools-for-stm32.13.3.rel1.win32_1.0.0.202411081344/tools/bin/../lib/gcc/arm-none-eabi/13.3.1/thumb/v6-m/nofp/crtbegin.o
 *(.init)
 .init          0x08001ac0        0x4 C:/ST/STM32CubeIDE_1.18.0/STM32CubeIDE/plugins/com.st.stm32cube.ide.mcu.externaltools.gnu-tools-for-stm32.13.3.rel1.win32_1.0.0.202411081344/tools/bin/../lib/gcc/arm-none-eabi/13.3.1/thumb/v6-m/nofp/crti.o
                0x08001ac0                _init
 .init          0x08001ac4        0x8 C:/ST/STM32CubeIDE_1.18.0/STM32CubeIDE/plugins/com.st.stm32cube.ide.mcu.externaltools.gnu-tools-for-stm32.13.3.rel1.win32_1.0.0.202411081344/tools/bin/../lib/gcc/arm-none-eabi/13.3.1/thumb/v6-m/nofp/crtn.o
 *(.fini)
 .fini          0x08001acc        0x4 C:/ST/STM32CubeIDE_1.18.0/STM32CubeIDE/plugins/com.st.stm32cube.ide.mcu.externaltools.gnu-tools-for-stm32.13.3.rel1.win32_1.0.0.202411081344/tools/bin/../lib/gcc/arm-none-eabi/13.3.1/thumb/v6-m/nofp/crti.o
                0x08001acc                _fini
 .fini          0x08001ad0        0x8 C:/ST/STM32CubeIDE_1.18.0/STM32CubeIDE/plugins/com.st.stm32cube.ide.mcu.externaltools.gnu-tools-for-stm32.13.3.rel1.win32_1.0.0.202411081344/tools/bin/../lib/gcc/arm-none-eabi/13.3.1/thumb/v6-m/nofp/crtn.o
                0x08001ad8                        . = ALIGN (0x4)
                0x08001ad8                        _etext = .

.vfp11_veneer   0x08001ad8        0x0
 .vfp11_veneer  0x08001ad8        0x0 linker stubs

.v4_bx          0x08001ad8        0x0
 .v4_bx         0x08001ad8        0x0 linker stubs

.iplt           0x08001ad8        0x0
 .iplt          0x08001ad8        0x0 C:/ST/STM32CubeIDE_1.18.0/STM32CubeIDE/plugins/com.st.stm32cube.ide.mcu.externaltools.gnu-tools-for-stm32.13.3.rel1.win32_1.0.0.202411081344/tools/bin/../lib/gcc/arm-none-eabi/13.3.1/thumb/v6-m/nofp/crtbegin.o

.rodata         0x08001ad8       0x74
                0x08001ad8                        . = ALIGN (0x4)
 *(.rodata)
 .rodata        0x08001ad8       0x57 ./Core/Src/main.o
 *(.rodata*)
 *fill*         0x08001b2f        0x1 
 .rodata.AHBPrescTable
                0x08001b30       0x10 ./Core/Src/system_stm32l0xx.o
                0x08001b30                AHBPrescTable
 .rodata.PLLMulTable
                0x08001b40        0x9 ./Core/Src/system_stm32l0xx.o
                0x08001b40                PLLMulTable
                0x08001b4c                        . = ALIGN (0x4)
 *fill*         0x08001b49        0x3 

.ARM.extab      0x08001b4c        0x0
                0x08001b4c                        . = ALIGN (0x4)
 *(.ARM.extab* .gnu.linkonce.armextab.*)
                0x08001b4c                        . = ALIGN (0x4)

.ARM            0x08001b4c        0x0
                0x08001b4c                        . = ALIGN (0x4)
                0x08001b4c                        __exidx_start = .
 *(.ARM.exidx*)
                0x08001b4c                        __exidx_end = .
                0x08001b4c                        . = ALIGN (0x4)

.preinit_array  0x08001b4c        0x0
                0x08001b4c                        . = ALIGN (0x4)
                0x08001b4c                        PROVIDE (__preinit_array_start = .)
 *(.preinit_array*)
                0x08001b4c                        PROVIDE (__preinit_array_end = .)
                0x08001b4c                        . = ALIGN (0x4)

.init_array     0x08001b4c        0x4
                0x08001b4c                        . = ALIGN (0x4)
                0x08001b4c                        PROVIDE (__init_array_start = .)
 *(SORT_BY_NAME(.init_array.*))
 *(.init_array*)
 .init_array    0x08001b4c        0x4 C:/ST/STM32CubeIDE_1.18.0/STM32CubeIDE/plugins/com.st.stm32cube.ide.mcu.externaltools.gnu-tools-for-stm32.13.3.rel1.win32_1.0.0.202411081344/tools/bin/../lib/gcc/arm-none-eabi/13.3.1/thumb/v6-m/nofp/crtbegin.o
                0x08001b50                        PROVIDE (__init_array_end = .)
                0x08001b50                        . = ALIGN (0x4)

.fini_array     0x08001b50        0x4
                0x08001b50                        . = ALIGN (0x4)
                [!provide]                        PROVIDE (__fini_array_start = .)
 *(SORT_BY_NAME(.fini_array.*))
 *(.fini_array*)
 .fini_array    0x08001b50        0x4 C:/ST/STM32CubeIDE_1.18.0/STM32CubeIDE/plugins/com.st.stm32cube.ide.mcu.externaltools.gnu-tools-for-stm32.13.3.rel1.win32_1.0.0.202411081344/tools/bin/../lib/gcc/arm-none-eabi/13.3.1/thumb/v6-m/nofp/crtbegin.o
                [!provide]                        PROVIDE (__fini_array_end = .)
                0x08001b54                        . = ALIGN (0x4)
                0x08001b54                        _sidata = LOADADDR (.data)

.rel.dyn        0x08001b54        0x0
 .rel.iplt      0x08001b54        0x0 C:/ST/STM32CubeIDE_1.18.0/STM32CubeIDE/plugins/com.st.stm32cube.ide.mcu.externaltools.gnu-tools-for-stm32.13.3.rel1.win32_1.0.0.202411081344/tools/bin/../lib/gcc/arm-none-eabi/13.3.1/thumb/v6-m/nofp/crtbegin.o

.data           0x20000000       0x54 load address 0x08001b54
                0x20000000                        . = ALIGN (0x4)
                0x20000000                        _sdata = .
 *(.data)
 *(.data*)
 .data.row_pins
                0x20000000        0x8 ./Core/Src/keypad.o
                0x20000000                row_pins
 .data.row_ports
                0x20000008       0x10 ./Core/Src/keypad.o
                0x20000008                row_ports
 .data.col_pins
                0x20000018        0x8 ./Core/Src/keypad.o
                0x20000018                col_pins
 .data.col_ports
                0x20000020       0x10 ./Core/Src/keypad.o
                0x20000020                col_ports
 .data.key_map  0x20000030       0x10 ./Core/Src/keypad.o
                0x20000030                key_map
 .data.password
                0x20000040        0x5 ./Core/Src/main.o
                0x20000040                password
 *fill*         0x20000045        0x3 
 .data.SystemCoreClock
                0x20000048        0x4 ./Core/Src/system_stm32l0xx.o
                0x20000048                SystemCoreClock
 .data.uwTickPrio
                0x2000004c        0x4 ./Drivers/STM32L0xx_HAL_Driver/Src/stm32l0xx_hal.o
                0x2000004c                uwTickPrio
 .data.uwTickFreq
                0x20000050        0x1 ./Drivers/STM32L0xx_HAL_Driver/Src/stm32l0xx_hal.o
                0x20000050                uwTickFreq
 *(.RamFunc)
 *(.RamFunc*)
                0x20000054                        . = ALIGN (0x4)
 *fill*         0x20000051        0x3 
                0x20000054                        _edata = .

.igot.plt       0x20000054        0x0 load address 0x08001ba8
 .igot.plt      0x20000054        0x0 C:/ST/STM32CubeIDE_1.18.0/STM32CubeIDE/plugins/com.st.stm32cube.ide.mcu.externaltools.gnu-tools-for-stm32.13.3.rel1.win32_1.0.0.202411081344/tools/bin/../lib/gcc/arm-none-eabi/13.3.1/thumb/v6-m/nofp/crtbegin.o
                0x20000054                        . = ALIGN (0x4)

.bss            0x20000054       0x28 load address 0x08001ba8
                0x20000054                        _sbss = .
                0x20000054                        __bss_start__ = _sbss
 *(.bss)
 .bss           0x20000054       0x1c C:/ST/STM32CubeIDE_1.18.0/STM32CubeIDE/plugins/com.st.stm32cube.ide.mcu.externaltools.gnu-tools-for-stm32.13.3.rel1.win32_1.0.0.202411081344/tools/bin/../lib/gcc/arm-none-eabi/13.3.1/thumb/v6-m/nofp/crtbegin.o
 *(.bss*)
 .bss.input     0x20000070        0x5 ./Core/Src/main.o
                0x20000070                input
 *fill*         0x20000075        0x3 
 .bss.uwTick    0x20000078        0x4 ./Drivers/STM32L0xx_HAL_Driver/Src/stm32l0xx_hal.o
                0x20000078                uwTick
 *(COMMON)
                0x2000007c                        . = ALIGN (0x4)
                0x2000007c                        _ebss = .
                0x2000007c                        __bss_end__ = _ebss

._user_heap_stack
                0x2000007c      0x604 load address 0x08001ba8
                0x20000080                        . = ALIGN (0x8)
 *fill*         0x2000007c        0x4 
                [!provide]                        PROVIDE (end = .)
                0x20000080                        PROVIDE (_end = .)
                0x20000280                        . = (. + _Min_Heap_Size)
 *fill*         0x20000080      0x200 
                0x20000680                        . = (. + _Min_Stack_Size)
 *fill*         0x20000280      0x400 
                0x20000680                        . = ALIGN (0x8)

/DISCARD/
 libc.a(*)
 libm.a(*)
 libgcc.a(*)

.ARM.attributes
                0x00000000       0x28
 *(.ARM.attributes)
 .ARM.attributes
                0x00000000       0x1e C:/ST/STM32CubeIDE_1.18.0/STM32CubeIDE/plugins/com.st.stm32cube.ide.mcu.externaltools.gnu-tools-for-stm32.13.3.rel1.win32_1.0.0.202411081344/tools/bin/../lib/gcc/arm-none-eabi/13.3.1/thumb/v6-m/nofp/crti.o
 .ARM.attributes
                0x0000001e       0x2c C:/ST/STM32CubeIDE_1.18.0/STM32CubeIDE/plugins/com.st.stm32cube.ide.mcu.externaltools.gnu-tools-for-stm32.13.3.rel1.win32_1.0.0.202411081344/tools/bin/../lib/gcc/arm-none-eabi/13.3.1/thumb/v6-m/nofp/crtbegin.o
 .ARM.attributes
                0x0000004a       0x2c ./Core/Src/keypad.o
 .ARM.attributes
                0x00000076       0x2c ./Core/Src/lcd.o
 .ARM.attributes
                0x000000a2       0x2c ./Core/Src/main.o
 .ARM.attributes
                0x000000ce       0x2c ./Core/Src/stm32l0xx_hal_msp.o
 .ARM.attributes
                0x000000fa       0x2c ./Core/Src/stm32l0xx_it.o
 .ARM.attributes
                0x00000126       0x2c ./Core/Src/system_stm32l0xx.o
 .ARM.attributes
                0x00000152       0x22 ./Core/Startup/startup_stm32l073rztx.o
 .ARM.attributes
                0x00000174       0x2c ./Drivers/STM32L0xx_HAL_Driver/Src/stm32l0xx_hal.o
 .ARM.attributes
                0x000001a0       0x2c ./Drivers/STM32L0xx_HAL_Driver/Src/stm32l0xx_hal_cortex.o
 .ARM.attributes
                0x000001cc       0x2c ./Drivers/STM32L0xx_HAL_Driver/Src/stm32l0xx_hal_gpio.o
 .ARM.attributes
                0x000001f8       0x2c ./Drivers/STM32L0xx_HAL_Driver/Src/stm32l0xx_hal_rcc.o
 .ARM.attributes
                0x00000224       0x2c C:/ST/STM32CubeIDE_1.18.0/STM32CubeIDE/plugins/com.st.stm32cube.ide.mcu.externaltools.gnu-tools-for-stm32.13.3.rel1.win32_1.0.0.202411081344/tools/bin/../lib/gcc/arm-none-eabi/13.3.1/../../../../arm-none-eabi/lib/thumb/v6-m/nofp\libc_nano.a(libc_a-memset.o)
 .ARM.attributes
                0x00000250       0x2c C:/ST/STM32CubeIDE_1.18.0/STM32CubeIDE/plugins/com.st.stm32cube.ide.mcu.externaltools.gnu-tools-for-stm32.13.3.rel1.win32_1.0.0.202411081344/tools/bin/../lib/gcc/arm-none-eabi/13.3.1/../../../../arm-none-eabi/lib/thumb/v6-m/nofp\libc_nano.a(libc_a-init.o)
 .ARM.attributes
                0x0000027c       0x1c C:/ST/STM32CubeIDE_1.18.0/STM32CubeIDE/plugins/com.st.stm32cube.ide.mcu.externaltools.gnu-tools-for-stm32.13.3.rel1.win32_1.0.0.202411081344/tools/bin/../lib/gcc/arm-none-eabi/13.3.1/../../../../arm-none-eabi/lib/thumb/v6-m/nofp\libc_nano.a(libc_a-strcmp.o)
 .ARM.attributes
                0x00000298       0x1e C:/ST/STM32CubeIDE_1.18.0/STM32CubeIDE/plugins/com.st.stm32cube.ide.mcu.externaltools.gnu-tools-for-stm32.13.3.rel1.win32_1.0.0.202411081344/tools/bin/../lib/gcc/arm-none-eabi/13.3.1/thumb/v6-m/nofp\libgcc.a(_udivsi3.o)
 .ARM.attributes
                0x000002b6       0x1e C:/ST/STM32CubeIDE_1.18.0/STM32CubeIDE/plugins/com.st.stm32cube.ide.mcu.externaltools.gnu-tools-for-stm32.13.3.rel1.win32_1.0.0.202411081344/tools/bin/../lib/gcc/arm-none-eabi/13.3.1/thumb/v6-m/nofp\libgcc.a(_dvmd_tls.o)
 .ARM.attributes
                0x000002d4       0x1e C:/ST/STM32CubeIDE_1.18.0/STM32CubeIDE/plugins/com.st.stm32cube.ide.mcu.externaltools.gnu-tools-for-stm32.13.3.rel1.win32_1.0.0.202411081344/tools/bin/../lib/gcc/arm-none-eabi/13.3.1/thumb/v6-m/nofp/crtn.o
OUTPUT(termproject.elf elf32-littlearm)
LOAD linker stubs
LOAD C:/ST/STM32CubeIDE_1.18.0/STM32CubeIDE/plugins/com.st.stm32cube.ide.mcu.externaltools.gnu-tools-for-stm32.13.3.rel1.win32_1.0.0.202411081344/tools/bin/../lib/gcc/arm-none-eabi/13.3.1/../../../../arm-none-eabi/lib/thumb/v6-m/nofp\libc.a
LOAD C:/ST/STM32CubeIDE_1.18.0/STM32CubeIDE/plugins/com.st.stm32cube.ide.mcu.externaltools.gnu-tools-for-stm32.13.3.rel1.win32_1.0.0.202411081344/tools/bin/../lib/gcc/arm-none-eabi/13.3.1/../../../../arm-none-eabi/lib/thumb/v6-m/nofp\libm.a
LOAD C:/ST/STM32CubeIDE_1.18.0/STM32CubeIDE/plugins/com.st.stm32cube.ide.mcu.externaltools.gnu-tools-for-stm32.13.3.rel1.win32_1.0.0.202411081344/tools/bin/../lib/gcc/arm-none-eabi/13.3.1/thumb/v6-m/nofp\libgcc.a

.debug_info     0x00000000     0x33d2
 .debug_info    0x00000000      0x2be ./Core/Src/keypad.o
 .debug_info    0x000002be      0x27c ./Core/Src/lcd.o
 .debug_info    0x0000053a      0x77c ./Core/Src/main.o
 .debug_info    0x00000cb6      0x1ba ./Core/Src/stm32l0xx_hal_msp.o
 .debug_info    0x00000e70       0xd3 ./Core/Src/stm32l0xx_it.o
 .debug_info    0x00000f43      0x2d0 ./Core/Src/system_stm32l0xx.o
 .debug_info    0x00001213       0x30 ./Core/Startup/startup_stm32l073rztx.o
 .debug_info    0x00001243      0x8ac ./Drivers/STM32L0xx_HAL_Driver/Src/stm32l0xx_hal.o
 .debug_info    0x00001aef      0x8a2 ./Drivers/STM32L0xx_HAL_Driver/Src/stm32l0xx_hal_cortex.o
 .debug_info    0x00002391      0x617 ./Drivers/STM32L0xx_HAL_Driver/Src/stm32l0xx_hal_gpio.o
 .debug_info    0x000029a8      0xa2a ./Drivers/STM32L0xx_HAL_Driver/Src/stm32l0xx_hal_rcc.o

.debug_abbrev   0x00000000     0x10f5
 .debug_abbrev  0x00000000      0x145 ./Core/Src/keypad.o
 .debug_abbrev  0x00000145      0x14d ./Core/Src/lcd.o
 .debug_abbrev  0x00000292      0x275 ./Core/Src/main.o
 .debug_abbrev  0x00000507       0x9f ./Core/Src/stm32l0xx_hal_msp.o
 .debug_abbrev  0x000005a6       0x73 ./Core/Src/stm32l0xx_it.o
 .debug_abbrev  0x00000619      0x11c ./Core/Src/system_stm32l0xx.o
 .debug_abbrev  0x00000735       0x24 ./Core/Startup/startup_stm32l073rztx.o
 .debug_abbrev  0x00000759      0x2a0 ./Drivers/STM32L0xx_HAL_Driver/Src/stm32l0xx_hal.o
 .debug_abbrev  0x000009f9      0x29b ./Drivers/STM32L0xx_HAL_Driver/Src/stm32l0xx_hal_cortex.o
 .debug_abbrev  0x00000c94      0x1cb ./Drivers/STM32L0xx_HAL_Driver/Src/stm32l0xx_hal_gpio.o
 .debug_abbrev  0x00000e5f      0x296 ./Drivers/STM32L0xx_HAL_Driver/Src/stm32l0xx_hal_rcc.o

.debug_aranges  0x00000000      0x420
 .debug_aranges
                0x00000000       0x20 ./Core/Src/keypad.o
 .debug_aranges
                0x00000020       0x48 ./Core/Src/lcd.o
 .debug_aranges
                0x00000068       0x38 ./Core/Src/main.o
 .debug_aranges
                0x000000a0       0x20 ./Core/Src/stm32l0xx_hal_msp.o
 .debug_aranges
                0x000000c0       0x40 ./Core/Src/stm32l0xx_it.o
 .debug_aranges
                0x00000100       0x28 ./Core/Src/system_stm32l0xx.o
 .debug_aranges
                0x00000128       0x28 ./Core/Startup/startup_stm32l073rztx.o
 .debug_aranges
                0x00000150      0x110 ./Drivers/STM32L0xx_HAL_Driver/Src/stm32l0xx_hal.o
 .debug_aranges
                0x00000260       0xe8 ./Drivers/STM32L0xx_HAL_Driver/Src/stm32l0xx_hal_cortex.o
 .debug_aranges
                0x00000348       0x58 ./Drivers/STM32L0xx_HAL_Driver/Src/stm32l0xx_hal_gpio.o
 .debug_aranges
                0x000003a0       0x80 ./Drivers/STM32L0xx_HAL_Driver/Src/stm32l0xx_hal_rcc.o

.debug_rnglists
                0x00000000      0x2f0
 .debug_rnglists
                0x00000000       0x14 ./Core/Src/keypad.o
 .debug_rnglists
                0x00000014       0x32 ./Core/Src/lcd.o
 .debug_rnglists
                0x00000046       0x28 ./Core/Src/main.o
 .debug_rnglists
                0x0000006e       0x13 ./Core/Src/stm32l0xx_hal_msp.o
 .debug_rnglists
                0x00000081       0x2b ./Core/Src/stm32l0xx_it.o
 .debug_rnglists
                0x000000ac       0x1a ./Core/Src/system_stm32l0xx.o
 .debug_rnglists
                0x000000c6       0x19 ./Core/Startup/startup_stm32l073rztx.o
 .debug_rnglists
                0x000000df       0xc7 ./Drivers/STM32L0xx_HAL_Driver/Src/stm32l0xx_hal.o
 .debug_rnglists
                0x000001a6       0xaa ./Drivers/STM32L0xx_HAL_Driver/Src/stm32l0xx_hal_cortex.o
 .debug_rnglists
                0x00000250       0x3f ./Drivers/STM32L0xx_HAL_Driver/Src/stm32l0xx_hal_gpio.o
 .debug_rnglists
                0x0000028f       0x61 ./Drivers/STM32L0xx_HAL_Driver/Src/stm32l0xx_hal_rcc.o

.debug_macro    0x00000000    0x13ab0
 .debug_macro   0x00000000      0x1bc ./Core/Src/keypad.o
 .debug_macro   0x000001bc      0xaae ./Core/Src/keypad.o
 .debug_macro   0x00000c6a      0x119 ./Core/Src/keypad.o
 .debug_macro   0x00000d83       0x2e ./Core/Src/keypad.o
 .debug_macro   0x00000db1       0x28 ./Core/Src/keypad.o
 .debug_macro   0x00000dd9       0x22 ./Core/Src/keypad.o
 .debug_macro   0x00000dfb       0x8e ./Core/Src/keypad.o
 .debug_macro   0x00000e89       0x51 ./Core/Src/keypad.o
 .debug_macro   0x00000eda      0x103 ./Core/Src/keypad.o
 .debug_macro   0x00000fdd       0x6a ./Core/Src/keypad.o
 .debug_macro   0x00001047      0x1df ./Core/Src/keypad.o
 .debug_macro   0x00001226       0x1c ./Core/Src/keypad.o
 .debug_macro   0x00001242       0x22 ./Core/Src/keypad.o
 .debug_macro   0x00001264       0xaf ./Core/Src/keypad.o
 .debug_macro   0x00001313      0x4da ./Core/Src/keypad.o
 .debug_macro   0x000017ed      0x11f ./Core/Src/keypad.o
 .debug_macro   0x0000190c     0xa683 ./Core/Src/keypad.o
 .debug_macro   0x0000bf8f       0x66 ./Core/Src/keypad.o
 .debug_macro   0x0000bff5     0x35ac ./Core/Src/keypad.o
 .debug_macro   0x0000f5a1      0x190 ./Core/Src/keypad.o
 .debug_macro   0x0000f731       0x5c ./Core/Src/keypad.o
 .debug_macro   0x0000f78d      0x8ea ./Core/Src/keypad.o
 .debug_macro   0x00010077      0xbb4 ./Core/Src/keypad.o
 .debug_macro   0x00010c2b      0x197 ./Core/Src/keypad.o
 .debug_macro   0x00010dc2      0x13f ./Core/Src/keypad.o
 .debug_macro   0x00010f01      0x1d1 ./Core/Src/keypad.o
 .debug_macro   0x000110d2       0x82 ./Core/Src/keypad.o
 .debug_macro   0x00011154      0x28e ./Core/Src/keypad.o
 .debug_macro   0x000113e2      0x1e9 ./Core/Src/keypad.o
 .debug_macro   0x000115cb      0x13d ./Core/Src/keypad.o
 .debug_macro   0x00011708      0x4ac ./Core/Src/keypad.o
 .debug_macro   0x00011bb4      0x22c ./Core/Src/keypad.o
 .debug_macro   0x00011de0       0x5b ./Core/Src/keypad.o
 .debug_macro   0x00011e3b       0xa5 ./Core/Src/keypad.o
 .debug_macro   0x00011ee0      0x186 ./Core/Src/keypad.o
 .debug_macro   0x00012066       0x16 ./Core/Src/keypad.o
 .debug_macro   0x0001207c      0x1a2 ./Core/Src/keypad.o
 .debug_macro   0x0001221e      0x1f4 ./Core/Src/lcd.o
 .debug_macro   0x00012412      0x292 ./Core/Src/main.o
 .debug_macro   0x000126a4       0x61 ./Core/Src/main.o
 .debug_macro   0x00012705       0x24 ./Core/Src/main.o
 .debug_macro   0x00012729       0x43 ./Core/Src/main.o
 .debug_macro   0x0001276c       0x34 ./Core/Src/main.o
 .debug_macro   0x000127a0      0x370 ./Core/Src/main.o
 .debug_macro   0x00012b10       0x16 ./Core/Src/main.o
 .debug_macro   0x00012b26       0x4a ./Core/Src/main.o
 .debug_macro   0x00012b70       0x34 ./Core/Src/main.o
 .debug_macro   0x00012ba4       0x10 ./Core/Src/main.o
 .debug_macro   0x00012bb4       0x58 ./Core/Src/main.o
 .debug_macro   0x00012c0c       0x8e ./Core/Src/main.o
 .debug_macro   0x00012c9a       0x1c ./Core/Src/main.o
 .debug_macro   0x00012cb6      0x185 ./Core/Src/main.o
 .debug_macro   0x00012e3b       0x10 ./Core/Src/main.o
 .debug_macro   0x00012e4b       0x3c ./Core/Src/main.o
 .debug_macro   0x00012e87       0x20 ./Core/Src/main.o
 .debug_macro   0x00012ea7      0x1b0 ./Core/Src/stm32l0xx_hal_msp.o
 .debug_macro   0x00013057      0x1ba ./Core/Src/stm32l0xx_it.o
 .debug_macro   0x00013211      0x1a6 ./Core/Src/system_stm32l0xx.o
 .debug_macro   0x000133b7      0x1ca ./Drivers/STM32L0xx_HAL_Driver/Src/stm32l0xx_hal.o
 .debug_macro   0x00013581      0x1a6 ./Drivers/STM32L0xx_HAL_Driver/Src/stm32l0xx_hal_cortex.o
 .debug_macro   0x00013727      0x1ad ./Drivers/STM32L0xx_HAL_Driver/Src/stm32l0xx_hal_gpio.o
 .debug_macro   0x000138d4      0x1dc ./Drivers/STM32L0xx_HAL_Driver/Src/stm32l0xx_hal_rcc.o

.debug_line     0x00000000     0x6099
 .debug_line    0x00000000      0x764 ./Core/Src/keypad.o
 .debug_line    0x00000764      0x7a5 ./Core/Src/lcd.o
 .debug_line    0x00000f09      0x9f8 ./Core/Src/main.o
 .debug_line    0x00001901      0x718 ./Core/Src/stm32l0xx_hal_msp.o
 .debug_line    0x00002019      0x775 ./Core/Src/stm32l0xx_it.o
 .debug_line    0x0000278e      0x7c9 ./Core/Src/system_stm32l0xx.o
 .debug_line    0x00002f57       0x7b ./Core/Startup/startup_stm32l073rztx.o
 .debug_line    0x00002fd2      0xa88 ./Drivers/STM32L0xx_HAL_Driver/Src/stm32l0xx_hal.o
 .debug_line    0x00003a5a      0xb59 ./Drivers/STM32L0xx_HAL_Driver/Src/stm32l0xx_hal_cortex.o
 .debug_line    0x000045b3      0xafd ./Drivers/STM32L0xx_HAL_Driver/Src/stm32l0xx_hal_gpio.o
 .debug_line    0x000050b0      0xfe9 ./Drivers/STM32L0xx_HAL_Driver/Src/stm32l0xx_hal_rcc.o

.debug_str      0x00000000    0x78540
 .debug_str     0x00000000    0x78540 ./Core/Src/keypad.o
                              0x74383 (size before relaxing)
 .debug_str     0x00078540    0x7448e ./Core/Src/lcd.o
 .debug_str     0x00078540    0x77865 ./Core/Src/main.o
 .debug_str     0x00078540    0x7433f ./Core/Src/stm32l0xx_hal_msp.o
 .debug_str     0x00078540    0x742e9 ./Core/Src/stm32l0xx_it.o
 .debug_str     0x00078540    0x743b4 ./Core/Src/system_stm32l0xx.o
 .debug_str     0x00078540       0x80 ./Core/Startup/startup_stm32l073rztx.o
 .debug_str     0x00078540    0x74ae8 ./Drivers/STM32L0xx_HAL_Driver/Src/stm32l0xx_hal.o
 .debug_str     0x00078540    0x74874 ./Drivers/STM32L0xx_HAL_Driver/Src/stm32l0xx_hal_cortex.o
 .debug_str     0x00078540    0x74554 ./Drivers/STM32L0xx_HAL_Driver/Src/stm32l0xx_hal_gpio.o
 .debug_str     0x00078540    0x748ed ./Drivers/STM32L0xx_HAL_Driver/Src/stm32l0xx_hal_rcc.o

.comment        0x00000000       0x43
 .comment       0x00000000       0x43 ./Core/Src/keypad.o
                                 0x44 (size before relaxing)
 .comment       0x00000043       0x44 ./Core/Src/lcd.o
 .comment       0x00000043       0x44 ./Core/Src/main.o
 .comment       0x00000043       0x44 ./Core/Src/stm32l0xx_hal_msp.o
 .comment       0x00000043       0x44 ./Core/Src/stm32l0xx_it.o
 .comment       0x00000043       0x44 ./Core/Src/system_stm32l0xx.o
 .comment       0x00000043       0x44 ./Drivers/STM32L0xx_HAL_Driver/Src/stm32l0xx_hal.o
 .comment       0x00000043       0x44 ./Drivers/STM32L0xx_HAL_Driver/Src/stm32l0xx_hal_cortex.o
 .comment       0x00000043       0x44 ./Drivers/STM32L0xx_HAL_Driver/Src/stm32l0xx_hal_gpio.o
 .comment       0x00000043       0x44 ./Drivers/STM32L0xx_HAL_Driver/Src/stm32l0xx_hal_rcc.o

.debug_frame    0x00000000      0xca8
 .debug_frame   0x00000000       0x30 ./Core/Src/keypad.o
 .debug_frame   0x00000030       0xc8 ./Core/Src/lcd.o
 .debug_frame   0x000000f8       0x8c ./Core/Src/main.o
 .debug_frame   0x00000184       0x2c ./Core/Src/stm32l0xx_hal_msp.o
 .debug_frame   0x000001b0       0x9c ./Core/Src/stm32l0xx_it.o
 .debug_frame   0x0000024c       0x4c ./Core/Src/system_stm32l0xx.o
 .debug_frame   0x00000298      0x394 ./Drivers/STM32L0xx_HAL_Driver/Src/stm32l0xx_hal.o
 .debug_frame   0x0000062c      0x33c ./Drivers/STM32L0xx_HAL_Driver/Src/stm32l0xx_hal_cortex.o
 .debug_frame   0x00000968      0x110 ./Drivers/STM32L0xx_HAL_Driver/Src/stm32l0xx_hal_gpio.o
 .debug_frame   0x00000a78      0x1a4 ./Drivers/STM32L0xx_HAL_Driver/Src/stm32l0xx_hal_rcc.o
 .debug_frame   0x00000c1c       0x20 C:/ST/STM32CubeIDE_1.18.0/STM32CubeIDE/plugins/com.st.stm32cube.ide.mcu.externaltools.gnu-tools-for-stm32.13.3.rel1.win32_1.0.0.202411081344/tools/bin/../lib/gcc/arm-none-eabi/13.3.1/../../../../arm-none-eabi/lib/thumb/v6-m/nofp\libc_nano.a(libc_a-memset.o)
 .debug_frame   0x00000c3c       0x2c C:/ST/STM32CubeIDE_1.18.0/STM32CubeIDE/plugins/com.st.stm32cube.ide.mcu.externaltools.gnu-tools-for-stm32.13.3.rel1.win32_1.0.0.202411081344/tools/bin/../lib/gcc/arm-none-eabi/13.3.1/../../../../arm-none-eabi/lib/thumb/v6-m/nofp\libc_nano.a(libc_a-init.o)
 .debug_frame   0x00000c68       0x20 C:/ST/STM32CubeIDE_1.18.0/STM32CubeIDE/plugins/com.st.stm32cube.ide.mcu.externaltools.gnu-tools-for-stm32.13.3.rel1.win32_1.0.0.202411081344/tools/bin/../lib/gcc/arm-none-eabi/13.3.1/../../../../arm-none-eabi/lib/thumb/v6-m/nofp\libc_nano.a(libc_a-strcmp.o)
 .debug_frame   0x00000c88       0x20 C:/ST/STM32CubeIDE_1.18.0/STM32CubeIDE/plugins/com.st.stm32cube.ide.mcu.externaltools.gnu-tools-for-stm32.13.3.rel1.win32_1.0.0.202411081344/tools/bin/../lib/gcc/arm-none-eabi/13.3.1/thumb/v6-m/nofp\libgcc.a(_udivsi3.o)

.debug_line_str
                0x00000000       0x64
 .debug_line_str
                0x00000000       0x64 ./Core/Startup/startup_stm32l073rztx.o
